suminis-
rectas
lamiendo
escriben
cientes
contusiones
crees
converti-
caótica
cul
unes
11.723
rastreada
contesta
mueres
verso
negarle
tejen
ha-
=
copula
incons-
¿por
decían
albergan
cardinales
galácti-
tre
desem-
amanece
olvidados
sanar
lion
constitu-
eviden-
confíe
quitaron
89
rebo-
bo
madu-
lamentaran
papi-
jódete
manifiestos
sión
coincidimos
susurra
¿quién
tar
radioactivas
encantó
cagábamos
pe-
pande
2017
disparan
imaginativas
ratón
yuca-ánge
militarización
rme
reproduce
tores
bio-
repetida
ms
miento
pitufos
ca-
naba
¡dioses
sobreviviríamos
párrafos
facebook
llamarlos
mis-
gos
christina
vocabulario
confiaban
bregas
porro
brasil
masturbarse
f.
lejana
decadente
missi0n
malvado
oh
exponencialmente
mega-gazebos
aa
contl-
inininininininmenso
contábamos
prometeo
escritorios
enviaba
sugie-
machista
disfrútalas
convence
boxeadora
autori-
cos.
posicionado
conectan
paranoia
casete
atacamia
ensordecedor
you
continúe
_55
¡serio
amarillos
agachar
quebrada
sonetos
hu-
vma
morfina
tenerle
cuan-
garcía
hablarse
statements
k
mn
brega
cuatros
combine
contamos
españa
ralbe
punks
derado
apestosos
trucciones
saliendo
retórica
kratom
compatible
refrescar
est
válvulas
combina
rescató
con-
explotador
¿y
ds
exégesis
normalistas
quijada
ring
gigan-
matutino
vigilante
comparados
branas
contarles
subterránea
depresión
confundido
¿yo
decanos
respiraciones
vadores
caminan-
ops
prefirió
experimenta
sanidad
olores
di-
madriguera
que-
escuches
riachuelos
prohíben
because
besazo
lasegunda
moder-
inso-
martí-
quejarte
sintetizados
almeja
ría
nuando
pichón
atrapados
contactó
desco-
pdf
empezara
lápices
desarrollando
reinventa
verme
pa-
sienten
labo
that
innecesaria
inserta
gunta
comple-
minúsculas
mataran
bur-
ip
avisarme
alegoría
creativos
odiaba
respiraba
duermen
uede
peonato
documentales
>
ve-
salsa
matemá-
limón-
veinticuatro
delicioso
fanática
escondérnosla
incontrolable
mitía
encontraría
fer-
sentían
decide
amurallar
través
medievales
se-
perdien-
regenerarse
mirando/nos
infinito
afganistán
contingente
2701
portable
pregun-
descanse
jodido
cercar
enviarte
precipicio
matarnos
respira
fat
voltea
platón
opuesta
reco-
álice
des
blunts
despreciaban
nuar
hor-
amistades
zoológico
aburra
fieles
vu
medito
paldas
cuchando
reutilizados
juan
contac-
ramos
and
necesitara
inevi-
junkie
contado
saltan
ruegan
encojona
re
antropo-
aculli
alimentario
¡puñeta
canica
saludables
aparecerá
desastrosas
disfrutaban
¡y
¡basta
escuché
interestelar
descu-
cosen
tumba
guíamos
voltearon
pregúntale
retomados
narcisismo
secretividad
ban-
requería
enteramos
titi
cer
soga
trolar
_97
anticipar
cobrarles
lapsa
negaba
sobrios
destiempo
forest
inter-
bobería
dinámicas
chances
irnos
jonamiento
bravas
desesperados
brevísimos
conviertes
boxear
not
fotando
secreran
desangrándose
carpinteros
capitalismo
enton-
alucinantes
denigrante
48
entristece
explique
anticapitalistas
mandelbrot
suplementos
bosques
maletines
llenos
migran
vegetal
¿n
multiplicándose
desprecio
cuchillo
perorata
abundan-
contagiados
ladra
mafia
dolores
caminantes
arbolito
confundidos
afanes
anticipado
divierto
escalas
estrés
muer-
estiro
reseñas
huele
tra-
asfixiado
premesético
acullis
sels-
inteli-
enfer-
refina
movida
transa
concentrarnos
admira
ente-
intercambiando
¿syer
poblacional
¿la
despedazadas
puntilleos
tijín
limpiarse
arrebatadísimos
mento
cimiento
enseñando
muchísimas
empezaste
interrumpe
provenían
progres
bacalhoada
respiración
recibimos
instrucciones
bes-
cáscara
rizomala
for
can-
subte
pijchado
canje
nacerían
exagerado
tija
postulan
yson
estúpi-
narcisista
grl-
musicales
despereza
ex-
tros
sonando
tie-
_mino
contiguas
costureros
cerebros
a.m.
hagas
barroso
deportación
trinidad
descubriera
tiago
escriba
ribundos
$
noviecita
uypper
savater
contentas
also
ham-
transformadas
peleaban
divertirse
reci-
fi-
dibuja
direcciones
freud
pitalismo
muriéndose
ingenie-
chiqui-
rodeada
gre
hoyo
jarro
sellaran
att
peninsular
transitan
regando
inte-
introspec-
imposturas
uedan
ergo
traseña
desconfiado
marihuaneros
mentales
bouazizi
cepción
cibernético
sa-
bishop
vencible
ne-
sobre-
añoserttepar
cartulinas
ban
cocinar
inspiradoras
york
explayarse
basuqueros
experien-
alambre
exteriorizándose
imaginativo
isabela
revierte
conoci-
olvidan
baila
imponga
usaba
pobladas
¡sólo
creyeron
coja
97
metabolizo
clanes
evocarla
ces
diseminar
consista
suda
parti-
ejado
brirían
ras
perdona
apagón
lecturas
quitarme
hablarme
¿o
gue
ditas
cuirse
precisamen-
despoblada
sales
leyendo
jorge
email
caminata
evadiendo
yuca
duermo
preguntan
hun-
y/envía
alarga
hélice
bailan-
áunque
riosas
laxias
homo
mochileros
cuéntanos
iuy
agota
miguel
escupirle
reapro-
curiosidades
canción/obituario
drogamos
enteramente
hospi-
autodescritos
noce
universi-
agudiza
rascan
anomalía
cojo
babel
porra
marina
sin-decir
monumental
borges
cagaron
chiquita
inge-
ueva
cono-
gurándose
clandestinos
ponce
cebollas
quitamos
vagones
cemento
hemisferios
demasia-
bebidas
pensemos
code
añadiendo
—_—
bestialidad
arrebatados
tantito
programa-
sentirá
sucediera
destruidos
cargando
estátoda
chinga
convirtiesen
s£neraciones
escupen
contradictorias
ba-
cheesecalee
its
piadosos
apestada
mueran
imaginara
duo
.omion
prometo
cancer-
]
guión
acuestan
clandestinas
escritorio
tendernos
voltear
reuniendo
contagia
chingar
armadas
frustra
usamos
exterminio
celebraron
ina
bus-
cu-
suena
demonio
electro-
borrachera
dres
eólica
pose-
rit-
aca-
inspiraron
cargar
monasterios
atrapar
meditaciones
continuidades
rompen
pelear
trabas
proponentes
ivy
paranoicas
expur-
ben
interestelares
ac-
bailando
yentarte
dema-
fósforos
interiores
arguyen
bisnietos
calculables
átomos
care
funeral
mueras
precarizó
desajusté
contarlo
evad
manten-
radioactiva
bajan
ave-
charlo
dios-
delicado
compa
shot
pidiendo
dragón
6/
cina
referimos
deixa
cascarón
fred
lismo
sucinta
aturden
apilar
pen-
frustración
bego
contactarse
descono-
limpio
partl-
darwinianas
camina
idiota
precario
suben
¿que
requirió
dispusieran
amar
sobrevi-
deceríalcompadece
recovecos
baboserías
ps
suce-
ál
breros
rieron
leerlos
zigzaguea
iv
lacerados
divulga
morí
vis-
sentarle
ne
entendía
monananananarcas
freaks
arabia
torr
santeras
encerraron
»
existencias
aleph
has-
bundos
curar
amó
ei
entrañables
redescubre
anarquista
jo
ovelockas
im-
soñando
piensan/saben
telepático
peleadora
_72
rizaban
confir-
fuerza—
adquirimos
lati-
violetas
secretas
épocas
momen-
fora
pitufo
corro
hacértelas
metida
abrazarlos
retardado
seríamos/somos
enseñan
apoyarlas
ple
anestesiado
improvi-
boquilla
divi-
funde
car
durán
zados
alargue
ren
ésé
lir
devueltas
insu-
ttensado
buenísimas
irregulares
amador
viando
cele-
moribun-
bolsita
detenerlo
ma-
acéptalas
reemplazar-
adn
conti-
acantilados
cin
llamabas
césar
cuen-
clandestina
bundas
anticipación
asistirlos
quántum
chiringa
late
quinqué
siem-
resiente
confirman
aburre
fracrales
celoso
ani-
admitiría
¿denuncias
acompañe
es-
haití
empuja
resistentes
escondi-
enteraron
boxeado-
enredaderas
ádentro
consumirlo
equivocaron
sos
re-
multitudes
huestes
descargar
lá
documen-
poquitos
informativas
ga-
978-987-1768-39-4
papás
nina
asaltar
indicio
adicta
actualiza
contratiempo
cazar
radia-
ridero
deshacen
proponen
-con
suicidado
vuela
posan
asesinados
para-
sonteír
convi-
¿fuiste
tico
sobreviví
fractalista
asusta
pueril
monteses
martínez
leíste
litar
armábamos
insobornable
espacio-tiempo
cotto
galaxias
obituarios
comunicadas
encanta-
regañadientes
sobrecoge
with
livia
aprueba
inca
o-
estás
pre
cuadrilá-
desbunde
conectadas
despiertan
patea
tolerar
anarquis-
chando
irradia
tuciones
extrañan
ficcio-
desespera
t
pixeladas
intuye
gidos
eldiario.es
fotosinte-
socializa
ciento
heredada
tarlo
mensajeros
traficar
ción
mía
acompasada
sobrecito
piados
lejanos
cebolla
xi
palizada
debatían
gusten
flotan
¿ahora
vertiginosa
camacho
sente
caribe
nostal-
profe-
corporativización
encebollada
habiéndose
anochece
coca
berenjenas
ner
_11
chantajear
huéspedes
aqua
orquídea/mariposa
odiando
..
disparada
lhaol
pala-
quieres
gritan
ramón
libras
aclarar
suplica
comarca
rejuvenecimiento
¿adónde
atmósfera
som-
idealismo
sanan
caigas
albores
localmente
acojonaos
pensamos
tulo
sueltas
cendientes
brooklyn
opone
ácratas
cargado
emborracha
funiverso
¡doctor
tes
tijeras
tostada
harney
¿ya
computadora
yoces
vivíamos
concebir
gata
rrección
incitar
exclusi-
píxeles
abracadabra
insurreccio-
alice.
dea
á
salu-
amarrándose
viajo
consultado
migas
indivi-
¿el
ci
reconecta
colectivismo
ny
anar-
pataletas
“
inmis-
0d
antroponarcisos
clama
existes
ular
san-
térmi-
enún
enfermo
hablé
cor-
mariconerías
88
hoada
revolucionaria
disimulaba
ignoran
carlitos
blunt
cun
ñado
entendimos
nece-
protestando
medores
distribuya
sincronía
encontrarlos
metalúrgicos
apartan
bía
milita-
erosionará
ríe
€s
bido
maldita
cizañe-
anóni-
cabrona
reaparecer
asia
expulsa-
€s0
enamorándonos
computadoras
trabajaban
inteligentes
chats
juglar
introspectivos
sís-
bucnos
texas
€xi-
fundió
dedicaba
sepa
miran-
contraintuitiva
gimnasio
venimos
nez
na
extrayendo
¿has
detienen
''
cias
hospitalaria
antirradioactivos
it
pudre
emerge
laborato-
vulnerable
cantaban
pulpo
dro-
laureada
suicidó
asistíamos
serjo
despiertos
horselover
duer-
yendo
ea
embow
yes
petrifica-
virtua
inexplicable
sl
cheesecake
monopolizado
azarosas
softwares
olemos
contactaron
magía
edwin
ola/montaña
chicha
avisán-
quejaban
hojeando
reggaetón
interco-
intercambian
vuel-
maravillan
interdependientes
virtuales
efecti-
encerrarse
devastados
desafío
terminan
yace
robe
¡unkie
rebota
dibujado
echaran
princi-
carolina
limones
rios
extendería
2/
líquida
piénsalo
preserva
superficia-
university
tiría
turo
inusitada
certera
grapadoras
gárgamel
profesora
iguanas
uses
adulto
oral
pieza
po-
lesbiana
reseñan
reordenar
ali-
pasadizos
repletos
átomo
engranaje
precisa-
mile-
bailan
alboroto
determina
ce
fumaos
berenje-
go
duby
metamorfosis
cortan
meseta
placas
galáctico
hambrunas
ye
saltos
conoces
ensamblajes
drinking
zaron
heredarán
ameba
q
the
mike
quisie-
descansa
corporati-
cuchillos
murieran
imvercima
no-
culinarios
hueliendo
nente
sasasasasapiens
ra
secretan
niñitas
gano
grita
in
aspas
incapaciten
antroponarcicista
novio
venirse
nuñca
ase-
salvaría
costando
zaratustra
yerba
supersticiones
te-
¿acaso
erentes
otero
tumultos
herreros
gru-
arrebatadas
enteros
agrietados
zos
meticulosa
contaron
drone
alicia
maría
mismeoy-a_
2704
cursísimo
dole
hospitalidad
derá
quín
entende-
avergonzados
inodoro
abraza
nalizado
ignoro
hackers
tocada
mingo
escasear
lagartija
colapsen
guiendo
preservarlos
revisa
refutación
mitosis
deformado
añadía
coro
wikileaks
mudaron
asienten
lentes
vínculo
estudia
áíando
confundida
dándo-
perecerrrrrrrr
frac-
sao
paradigma
reconstruyen
cátedra
dilema
cansan
ascensores
fantasear
urinario
huecos
fundamentado
lares
yentes
conversan
table
metaboliza-
armamentísti-
li
enterarían
dorm
pre-
corrijo
bh
mism
genia
ive
secta
leves
trepa
precedidas
ansioso—
sermonea
crelamos
£ss
consolación
gatti
ininte-
trilci
evalúa
acabas
nios
fiestón
enseña
resu-
escondería
calao
sobrecitos
saludar
editores
movi-
tempo-
có-
arturo
proveer
skype
hé-
siste
gantesca
yectos
cuentos
af
bre
trarte
profetas
presuroso
ignorada
seiscientos
morirse
digita-
atreve
puto
bacal-
reviente
bles
mientos
grabadora
salgo
cre-
aburren
latir
piquito
harta
¡ásí
parásito
fon-
fu-
protegían
terminaría/termina
forma-que
ola-montaña
)
cíclicos
me-sus
lias
tró
arrastrar-
faltando
cruza
yencia
artificial.
némesis
bo-
em-
arbitrariamente
doctoral
madrigueras
matamos
acompañarse
zn
conectarlas
performance
vestida
ayotzinapa
tardaban
acompañándolos
fuimos
sabes
transcribo
mayormente
bullmastiff
luis
cobraron
¡troglodita
iluminadas
clasifica
contarle
extensiones
au-
cayéndose
ho
deci-
catnip
déjala
inmediatamen-
ty
adrenali-
pasantes
mendi-
hartford
verduras
disidencia
entropía
jabs
finge
idiotas
cambiarlo
cuidando
impro-
sucederá
rebotando
obstinadamente
podrida
detectan
ima-
diendo
boti-
laxi
abordan
enfermera
vespertina
analizando
déjalo
2037-2040
invitábamos
ba
chos
botellón
pelearían
crack
homogeneidad
dales
fertilidad
esclavo
entusias-
ordena
sentidor
avisados
surcos
tenaz
consagra-
clóset
domésticos
ganchos
j
jue-
omnipotencia
ignorar
ubicarse
¿a
militari-
dif
digitalmente
meticulosas
fernández
metiéndoselo
brevive
arquitecturas
bores
fos
sentimos
apocalípticas
manuel
durazno
cargamento
genéti-
extraen
acumular
por-
abriste
¿transas
co-
acompañan
simbiosis
cuer-
escuchas
mori-
festón
posa
pode-
lla-
yn
provee
cate-
samientos
distraigo
¿no
vuelves
suelta
mac
aceleremos
alienación
pescao
nosotras
proce-
funcionando
recha
primir
cidos
neraciones
santera
visadas
alice
escuchó
odo
inequívoco
basuquero
pitu-
cuestrados
mística
petrificaban
¡baf
¿con
simbiotizado
contraseña
guien
metropolitanos
perdonen
terial
pensaran
5/
cantaba
progresaba
parecería
continuarlas
ciu-
calada
encuentras
gozando
cca
desconocía
entendíamos
bebitos
compotas
ralidad
hosotros
rehúsa
junto
dd
modos
asistiendo
pendeja-
boxeando
morideros
gringo
chilena
tessin
sobrepoblada
¿verdad
-según
multiplican
percibimos
cocinas.
incorporarlo
w
percep-
latina
nj
vampiros
largado
sujetada
ma
acelera
jugamos
aaaafuera
bayamón
inspecciona
mo
américa
1fp
erder
sucedien-
cuadras
sombrillas
funcione
men
well
gla
voltean
gitanos
respire
cigarrillo
ajusta
munk
deser-
ge-
do
peras
entusiasmado
talistas
sabe-
garantizándole
encendedor
moribundos
esposo/entrenador
rota
mue-
obser-
detie-
hambru-
subes
bosteza
moriscas
nexión
are
cando
vitrales
catedral/cárcel
confesión
excepción
desorienta
miran
hambruna
aterrorizado
¿cómo
blanqueada
deseas
drales
conversar
escribien-
arica
lados
pedazos
cuelgan
resaca
debilísima
sna
adaris
tón
res-
cabrón
fuéramos
bujas
ajtapi
desterrados
morir-
comú
fresca
carlos
arrebatadísimo
gladiadora
nominales
organizan
isbn
radiosensibles
drugs
echaban
promotora
sugerían
cla-
moviera
cabe-
_31
alabama
explaya
esguinza
piensa/sabe
maiakovski
enheduanna
transiciones
asi-
encontraran
homicidio
codificada
meros
ducen
hice
fortalezas
gc
tor
má-
georges
ramente
in-
enseñar
rra
gen-
tragaste
jer
convenció
nio
recordatorio
astrofísica
temps
lác-
plagio
mi-
fuma
guen
mor-
incor
but
escojan
her
explicativa
vir
cinea
distraerse
volea
calvo
mortten
vigilo
m
llarlas
ríen
entendiera
doliente
liga-
intensificarse
lentitud
acerqué
estarlo
(
mall
descifrar
bobas
catedrales
porta
centráramos
su-
jón
espacioso
entropías
anticiparíamos
nueva.
doctorado
my
ponérsela
aceptaran
hondas
pio
scooby-doo
prisa
siado
ca
acullicu
captores
insig-
retarda
hablándole
rebuscar
intuimos
desvíos
problem
árida
ue
ansiedades
ino-
opo-
despreciables
truir
actualizadas
mover-
contactamos
perturban
locuras
mem-
liados
—tras
salía
gi-
per-
repro-
4/
.en
invaden
huelen
barbechas
compañeras
inexplorada
ausentes
desca-
saque
santurce
s
¡georges
desorbitado
diferen-
desinteresado
pestañean
desangelada
96
cerradura
desconocidos
habitadas
incansables
confiscaban
maravilla
perturbadora
¿los
za
desconfiada
manipularla
olvidaba
flecha
lame
enviárselo
ciones
hierven
obituario
blo
imaginan
template
existen-
xvi
tás
transportan
meterse
licuadora
92
pandieron
inyectar
perspicaces
cuéntame
veveveveerdad
incansa-
reproducir-
relajan
rarla
invitarlos
teorías
voluntarios
habitar
ausenta
<
valero
panamá
narcisistas
voraces
multiplicados
reducen
desentiende
¿so-
ratones
ronca
admita
mos
limón
qu
mohamed
katarista
escondidas
desertar
saciedad
cam
tone
sado
caminando
crece
acep-
tiran
borra-
empecé
ta
contracción
orquí-
experta
mu-
mima
alucina-
proporcio-
jode
—todos
asentía
recogieron
